=== Test 1: |2x - 3| = 5 ===
Solutions: []
Expected: x = 4 and x = -1

=== Test 2: x^3 - 4x^2 - x + 4 >= 0 ===
Error: 'charmap' codec can't encode character '\u221e' in position 21: character maps to <undefined>

=== Test 3: LaTeX Normalization ===
Input: \frac{\sqrt{x-1}}{x+2}
Normalized: ((sqrt(x-1))/(x+2))

=== Test 4: \lvert x^2 - 9 \rvert < 4 ===
Input: \lvert x^2 - 9 \rvert < 4
Normalized: | x^2 - 9 | < 4

=== Test 5: Full inequality parse ===
Error: 'charmap' codec can't encode character '\u2205' in position 19: character maps to <undefined>
